// Jest Snapshot v1, https://goo.gl/fbAQLP

exports[`Shows news articles Should display a list from news articles 1`] = `
<ul
  aria-label="list"
>
  <li>
    <figure>
      <figcaption>
        <h2>
          Article Title: 
          All systems go: Buy your pass to TC Sessions: Space 2021
        </h2>
        <h3>
          By: 
          Marquise Foster
        </h3>
        <hr />
      </figcaption>
    </figure>
  </li>
  <li>
    <figure>
      <figcaption>
        <h2>
          Article Title: 
          An inclusive new D2C beauty platform secures $3 million in funding -- and a supercharged offline strategy
        </h2>
        <h3>
          By: 
          Connie Loizos
        </h3>
        <hr />
      </figcaption>
    </figure>
  </li>
  <li>
    <figure>
      <figcaption>
        <h2>
          Article Title: 
          Appetiser's co-founders discuss building client relationships and getting to MVP
        </h2>
        <h3>
          By: 
          Anna Heim
        </h3>
        <hr />
      </figcaption>
    </figure>
  </li>
  <li>
    <figure>
      <figcaption>
        <h2>
          Article Title: 
          Cruise lays out its plan for 'how' it will make robotaxis a reality
        </h2>
        <h3>
          By: 
          Rebecca Bellan
        </h3>
        <hr />
      </figcaption>
    </figure>
  </li>
  <li>
    <figure>
      <figcaption>
        <h2>
          Article Title: 
          IAB Europe says it's expecting to be found in breach of GDPR
        </h2>
        <h3>
          By: 
          Natasha Lomas
        </h3>
        <hr />
      </figcaption>
    </figure>
  </li>
  <li>
    <figure>
      <figcaption>
        <h2>
          Article Title: 
          US government offers $10M bounty for DarkSide ransomware hackers
        </h2>
        <h3>
          By: 
          Carly Page
        </h3>
        <hr />
      </figcaption>
    </figure>
  </li>
  <li>
    <figure>
      <figcaption>
        <h2>
          Article Title: 
          Rent the Runway co-founder Jenny Fleiss and Volition Capital's Larry Cheng talk early-stage fundraising on TechCrunch Live
        </h2>
        <h3>
          By: 
          Jordan Crook
        </h3>
        <hr />
      </figcaption>
    </figure>
  </li>
  <li>
    <figure>
      <figcaption>
        <h2>
          Article Title: 
          VCs are racing to pay more to get smaller pieces of less profitable companies
        </h2>
        <h3>
          By: 
          Alex Wilhelm
        </h3>
        <hr />
      </figcaption>
    </figure>
  </li>
  <li>
    <figure>
      <figcaption>
        <h2>
          Article Title: 
          Apple and Amazon ML/AI leads to speak on accessibility at Sight Tech Global 2021
        </h2>
        <h3>
          By: 
          Ned Desmond
        </h3>
        <hr />
      </figcaption>
    </figure>
  </li>
  <li>
    <figure>
      <figcaption>
        <h2>
          Article Title: 
          Guardian's Collective wants to make parenting easier, or at least less alone
        </h2>
        <h3>
          By: 
          Natasha Mascarenhas
        </h3>
        <hr />
      </figcaption>
    </figure>
  </li>
</ul>
`;
